Resolving dependencies...
Downloading packages...
+ _fe_analyzer_shared 99.0.0 (109.0.0 available)
+ _flutterfire_internals 1.3.77
+ analyzer 12.1.0 (14.5.0 available)
+ analyzer_buffer 0.3.4
+ ansicolor 2.0.3
+ archive 4.3.0
+ args 2.7.0
+ async 2.13.1
+ awesome_notifications 0.12.1
+ awesome_notifications_fcm 0.12.1
+ boolean_selector 2.1.2
+ build 4.0.7 (4.0.11 available)
+ build_config 1.3.3
+ build_daemon 4.1.6
+ build_runner 2.15.1 (2.16.2 available)
+ built_collection 5.1.2
+ built_value 8.13.0
+ characters 1.4.1
+ checked_yaml 2.0.4
+ cli_config 0.2.0
+ clock 1.1.2 (1.1.3 available)
+ cloud_firestore 6.10.0
+ cloud_firestore_platform_interface 8.0.7
+ cloud_firestore_web 5.7.3
+ code_assets 1.2.1 (2.1.0 available)
+ code_builder 4.12.0
+ collection 1.19.1
+ convert 3.1.2
+ convertlib 3.6.1
+ coverage 1.15.1
+ cross_file 0.3.5+5 (0.4.0 available)
+ crypto 3.0.7
+ cupertino_ui 1.0.2 (1.1.2 available)
+ dart_style 3.1.8 (3.1.13 available)
+ dbus 0.7.15 (0.8.0 available)
+ desktop_webview_window 0.3.0
+ dio 5.11.1
+ dio_smart_retry 7.0.1
+ dio_web_adapter 2.2.2
+ easy_localization 3.0.8
+ easy_logger 0.0.2
+ equatable 2.1.0 (3.0.0 available)
+ fake_async 1.3.3
+ ffi 2.2.0
+ file 7.0.1
+ firebase_analytics 12.6.0
+ firebase_analytics_platform_interface 6.0.7
+ firebase_analytics_web 0.6.1+13
+ firebase_app_check 0.4.8
+ firebase_app_check_platform_interface 0.4.2+1
+ firebase_app_check_web 0.2.6+1
+ firebase_auth 6.7.0
+ firebase_auth_platform_interface 9.1.0
+ firebase_auth_web 6.3.0
+ firebase_core 4.15.0
+ firebase_core_platform_interface 8.1.1
+ firebase_core_web 3.12.0
+ firebase_crashlytics 5.4.0
+ firebase_crashlytics_platform_interface 3.9.0
+ firebase_remote_config 6.7.0
+ firebase_remote_config_platform_interface 3.0.7
+ firebase_remote_config_web 1.10.14
+ fixnum 1.1.1
+ flutter 0.0.0 from sdk flutter
+ flutter_app_group_directory 1.1.0
+ flutter_cache_manager 3.4.5
+ flutter_hooks 0.21.3+1
+ flutter_lints 6.0.0
+ flutter_localizations 0.0.0 from sdk flutter
+ flutter_riverpod 3.3.2 (3.4.3 available)
+ flutter_svg 2.3.0
+ flutter_svg_provider 1.0.7
+ flutter_test 0.0.0 from sdk flutter
+ flutter_vector_icons 2.0.0
+ flutter_web_auth_2 5.1.0
+ flutter_web_auth_2_platform_interface 5.0.0
+ flutter_web_plugins 0.0.0 from sdk flutter
+ form_builder_validators 11.3.0
+ freezed 3.2.6-dev.1 (4.0.2 available)
+ freezed_annotation 3.1.0
+ frontend_server_client 4.1.0
+ glob 2.2.0
+ go_router 17.5.0 (18.0.2 available)
+ google_mobile_ads 9.1.0
+ graphs 2.3.2
+ group_button 5.3.4
+ hashlib 2.4.2
+ hashlib_codecs 3.5.0 (discontinued replaced by convertlib)
+ hive_ce 2.20.2
+ hive_ce_flutter 2.4.0
+ hive_ce_generator 1.11.2 (1.11.3 available)
+ hooks 2.0.2 (2.2.0 available)
+ hooks_riverpod 3.3.2 (3.4.3 available)
+ http 1.6.0
+ http_multi_server 3.2.2
+ http_parser 4.1.2
+ image 4.10.1
+ intl 0.20.2 (0.20.3 available)
+ io 1.1.0
+ isolate_channel 0.6.1
+ jni 1.1.0
+ jni_flutter 1.0.4+1
+ jni_util 1.0.0
+ json_annotation 4.12.0
+ json_serializable 6.14.1
+ keep_screen_on 6.0.0 (7.0.0 available)
+ keep_screen_on_platform_interface 3.0.0
+ leak_tracker 11.0.2
+ leak_tracker_flutter_testing 3.0.10
+ leak_tracker_testing 3.0.2
+ lints 6.1.0
+ live_activities 2.5.1 (2.6.0 available)
+ logging 1.3.0
+ matcher 0.12.19 (0.12.20 available)
+ material_color_utilities 0.13.0 (0.13.1 available)
+ material_ui 1.2.0 (1.6.0 available)
+ meta 1.18.0 (1.19.0 available)
+ mime 2.1.0
+ mockito 5.6.4 (5.8.1 available)
+ navigator_resizable 3.1.0
+ network_info_plus 7.0.0 (8.2.2 available)
+ network_info_plus_platform_interface 2.0.2 (3.1.0 available)
+ nm 0.5.0 (0.6.0 available)
+ node_preamble 2.0.2
+ objective_c 9.5.0 (9.6.2 available)
+ package_config 2.2.0 (3.0.0 available)
+ package_info_plus 9.0.1 (10.2.2 available)
+ package_info_plus_platform_interface 3.2.1 (4.1.0 available)
+ path 1.9.1
+ path_parsing 1.1.0
+ path_provider 2.1.6
+ path_provider_android 2.3.1
+ path_provider_foundation 2.6.0
+ path_provider_linux 2.2.2
+ path_provider_platform_interface 2.1.3
+ path_provider_windows 2.3.0
+ permission_handler 12.0.3 (13.0.2 available)
+ permission_handler_android 13.0.1 (14.1.0 available)
+ permission_handler_apple 9.6.2
+ permission_handler_html 0.1.4+1
+ permission_handler_platform_interface 4.4.1
+ permission_handler_windows 0.2.2
+ petitparser 7.0.2 (7.1.0 available)
+ platform 3.2.0
+ plugin_platform_interface 2.1.8
+ pool 1.5.3
+ posix 6.5.2
+ progress_indicators 1.0.0
+ pub_semver 2.2.1
+ pubspec_parse 1.6.0
+ pull_to_refresh_flutter3 2.0.2
+ purchases_flutter 9.16.1 (10.14.0 available)
+ record_use 0.6.0 (1.1.1 available)
+ responsive_framework 1.5.1
+ riverpod 3.3.2 (3.4.3 available)
+ riverpod_analyzer_utils 1.0.0-dev.10 (1.0.0-dev.12 available)
+ riverpod_annotation 4.0.3 (4.0.7 available)
+ riverpod_generator 4.0.4 (4.0.9 available)
+ rxdart 0.28.0
+ share_plus 12.0.2 (13.3.1 available)
+ share_plus_platform_interface 6.1.0 (7.2.0 available)
+ shared_preferences 2.5.6
+ shared_preferences_android 2.4.28
+ shared_preferences_foundation 2.5.7
+ shared_preferences_linux 2.4.1
+ shared_preferences_platform_interface 2.4.2
+ shared_preferences_web 2.4.3
+ shared_preferences_windows 2.4.1
+ shelf 1.4.2
+ shelf_packages_handler 3.0.2
+ shelf_static 1.1.3
+ shelf_web_socket 3.0.0
+ sky_engine 0.0.0 from sdk flutter
+ smooth_sheets 1.3.0
+ source_gen 4.2.4 (4.3.0 available)
+ source_helper 1.3.13
+ source_map_stack_trace 2.1.2
+ source_maps 0.10.14
+ source_span 1.10.2
+ sqflite 2.4.4+1
+ sqflite_android 2.4.4
+ sqflite_common 2.5.13+1
+ sqflite_darwin 2.4.4
+ sqflite_platform_interface 2.4.2
+ stack_trace 1.12.1 (1.12.2 available)
+ state_notifier 1.0.0
+ stream_channel 2.1.4
+ stream_transform 2.1.2
+ string_scanner 1.4.1
+ stringr 1.2.2
+ synchronized 3.4.2
+ talker 5.1.20
+ talker_flutter 5.1.16 (5.1.20 available)
+ talker_logger 5.1.20
+ term_glyph 1.2.2
+ test 1.31.0 (1.32.0 available)
+ test_api 0.7.11 (0.7.14 available)
+ test_core 0.6.17 (0.6.20 available)
+ typed_data 1.4.0
+ url_launcher 6.3.3
+ url_launcher_android 6.3.33
+ url_launcher_ios 6.4.2
+ url_launcher_linux 3.2.3
+ url_launcher_macos 3.2.6
+ url_launcher_platform_interface 2.3.2
+ url_launcher_web 2.4.3
+ url_launcher_windows 3.1.6
+ uuid 4.6.0
+ vector_graphics 1.2.3
+ vector_graphics_codec 1.1.13
+ vector_graphics_compiler 1.3.0
+ vector_math 2.2.0 (2.4.3 available)
+ vm_service 15.3.0
+ watcher 1.2.1
+ web 1.1.1
+ web_socket 1.0.1
+ web_socket_channel 3.0.3
+ webkit_inspection_protocol 1.2.1
+ webview_flutter 4.14.1
+ webview_flutter_android 4.14.1
+ webview_flutter_platform_interface 2.15.1
+ webview_flutter_wkwebview 3.26.2 (3.27.0 available)
+ win32 5.15.0 (6.4.0 available)
+ window_to_front 0.0.4 (1.0.0 available)
+ xdg_directories 1.1.0
+ xml 7.0.1 (7.1.0 available)
+ yaml 3.1.4
+ yaml_writer 2.1.0
Changed 228 dependencies!
1 package is discontinued.
54 packages have newer versions incompatible with dependency constraints.
Try `flutter pub outdated` for more information.
  1s compiling builders/aot
  2s compiling builders/aot
  3s compiling builders/aot
  4s compiling builders/aot
  5s compiling builders/aot
  6s compiling builders/aot
  7s compiling builders/aot
  8s compiling builders/aot
  9s compiling builders/aot
  10s compiling builders/aot
  11s compiling builders/aot
  12s compiling builders/aot
  13s compiling builders/aot
  14s compiling builders/aot
  16s compiling builders/aot
  17s compiling builders/aot
  18s compiling builders/aot
  19s compiling builders/aot
  20s compiling builders/aot
  21s compiling builders/aot
  22s compiling builders/aot
  23s compiling builders/aot
  24s compiling builders/aot
  25s compiling builders/aot
  26s compiling builders/aot
  27s compiling builders/aot
  28s compiling builders/aot
  29s compiling builders/aot
  30s compiling builders/aot
  32s compiling builders/aot
  32s compiling builders/aot
W These options have been removed and were ignored: --delete-conflicting-outputs
  0s riverpod_generator on 378 inputs; lib/common.dart
  1s riverpod_generator on 378 inputs: 1 no-op; spent 1s sdk; lib/data/adapters/uri_adapter.dart
  11s riverpod_generator on 378 inputs: 13 no-op; spent 8s analyzing, 2s resolving, 1s sdk; lib/data/dto/config/config_bed_screws.dart
  16s riverpod_generator on 378 inputs: 44 no-op; spent 12s analyzing, 3s resolving, 1s sdk; lib/data/dto/files/gcode_file.dart
  18s riverpod_generator on 378 inputs: 49 output, 198 no-op; spent 13s analyzing, 3s resolving, 1s sdk; lib/ui/components/print_bed_painter.dart
  18s riverpod_generator on 378 inputs: 51 output, 327 no-op; spent 13s analyzing, 3s resolving, 1s sdk
  0s freezed on 378 inputs; lib/common.dart
  1s freezed on 378 inputs: 107 output, 55 no-op; lib/data/model/sheet_action_mixin.dart
  1s freezed on 378 inputs: 110 output, 268 no-op
  0s json_serializable on 756 inputs; lib/common.dart
W json_serializable on lib/data/dto/app_data_export.dart:
  The version constraint "^4.8.1" on json_annotation allows versions before 4.12.0 which is not allowed.
  1s json_serializable on 756 inputs: 54 skipped, 105 output, 152 no-op; lib/data/model/moonraker_db/settings/gcode_macro.freezed.dart
  1s json_serializable on 756 inputs: 268 skipped, 110 output, 378 no-op
  0s hive_ce_generator:hive_type_adapter_generator on 756 inputs; lib/common.dart
  0s hive_ce_generator:hive_type_adapter_generator on 756 inputs: 268 skipped, 10 output, 478 no-op
  0s hive_ce_generator:hive_adapters_generator on 756 inputs; lib/common.dart
  0s hive_ce_generator:hive_adapters_generator on 756 inputs: 268 skipped, 488 no-op
  0s source_gen:combining_builder on 756 inputs; lib/common.dart
  0s source_gen:combining_builder on 756 inputs: 19 skipped, 45 output, 63 no-op; lib/data/dto/machine/exclude_object.freezed.dart
  0s source_gen:combining_builder on 756 inputs: 268 skipped, 165 output, 323 no-op
  0s mockito:mockBuilder on 320 inputs; test/test_utils.dart
  1s mockito:mockBuilder on 320 inputs: 240 skipped, 6 output, 74 no-op
  0s hive_ce_generator:hive_registrar_intermediate_generator on 1832 inputs; lib/common.dart
  0s hive_ce_generator:hive_registrar_intermediate_generator on 1832 inputs: 239 skipped, 5 output, 333 no-op; lib/data/model/hive/folder_cache_entry.freezed.dart
  0s hive_ce_generator:hive_registrar_intermediate_generator on 1832 inputs: 1173 skipped, 10 output, 649 no-op
  0s hive_ce_generator:hive_registrar_generator on 1 input; lib/$lib$
  0s hive_ce_generator:hive_registrar_generator on 1 input: 1 output
  Built with build_runner/aot in 55s; wrote 463 outputs.
