Resolving dependencies...
Downloading packages...
+ _fe_analyzer_shared 99.0.0 (109.0.0 available)
+ _flutterfire_internals 1.3.77
+ analyzer 12.1.0 (14.5.0 available)
+ analyzer_buffer 0.3.4
+ animated_bottom_navigation_bar 1.4.1
+ ansicolor 2.0.3
+ appinio_video_player 1.3.1 from git https://github.com/JahnChoi/appinio_flutter_packages at 7469c9 in packages/appinio_video_player
+ archive 4.3.0
+ args 2.7.0
+ async 2.13.1
+ auto_size_text 3.0.0
+ awesome_notifications 0.12.1
+ awesome_notifications_fcm 0.12.1
+ back_button_interceptor 8.0.5
+ badges 3.2.0 (4.0.1 available)
+ boolean_selector 2.1.2
+ build 4.0.7 (4.0.11 available)
+ build_config 1.3.3
+ build_daemon 4.1.6
+ build_runner 2.15.1 (2.16.2 available)
+ built_collection 5.1.2
+ built_value 8.13.0
+ cached_network_image 3.4.1 (4.0.4 available)
+ cached_network_image_platform_interface 4.1.1 (5.0.3 available)
+ cached_network_image_web 1.3.1 (2.0.3 available)
+ cached_video_player_plus 3.0.3 (4.1.0 available)
+ characters 1.4.1
+ checked_yaml 2.0.4
+ cli_config 0.2.0
+ cli_util 0.4.2 (0.6.0 available)
+ clock 1.1.2 (1.1.3 available)
+ cloud_firestore 6.10.0
+ cloud_firestore_platform_interface 8.0.7
+ cloud_firestore_web 5.7.3
+ code_assets 1.2.1 (2.1.0 available)
+ code_builder 4.12.0
+ code_text_field 1.1.0
+ collection 1.19.1
+ common 2.6.7 from path common
+ connectivity_plus 6.1.5 (7.3.2 available)
+ connectivity_plus_platform_interface 2.1.0
+ convert 3.1.2
+ convertlib 3.6.1
+ coverage 1.15.1
+ cross_file 0.3.5+5 (0.4.0 available)
+ crypto 3.0.7
+ csslib 1.0.2
+ csv 6.0.0 (8.0.0 available)
+ cupertino_icons 1.0.9 (2.0.0 available)
+ cupertino_ui 1.0.2 (1.1.2 available)
+ dart_code_metrics_presets 2.33.0
+ dart_style 3.1.8 (3.1.13 available)
+ dbus 0.7.15 (0.8.0 available)
+ desktop_webview_window 0.3.0
+ dio 5.11.1
+ dio_smart_retry 7.0.1
+ dio_web_adapter 2.2.2
+ dots_indicator 2.1.2 (5.0.0 available)
+ dotted_border 3.1.0
+ dropdown_search 6.0.2 (8.1.0 available)
+ easy_localization 3.0.8
+ easy_localization_loader 2.0.2
+ easy_logger 0.0.2
+ easy_stepper 1.2.0
+ enum_to_string 2.2.1
+ equatable 2.1.0 (3.0.0 available)
+ expandable_page_view 1.3.0
+ extended_wrap 0.1.5
+ fake_async 1.3.3
+ ffi 2.2.0
+ fftea 1.5.0+1
+ file 7.0.1
+ file_picker 11.0.3 (13.1.0 available)
+ firebase_analytics 12.6.0
+ firebase_analytics_platform_interface 6.0.7
+ firebase_analytics_web 0.6.1+13
+ firebase_app_check 0.4.8
+ firebase_app_check_platform_interface 0.4.2+1
+ firebase_app_check_web 0.2.6+1
+ firebase_auth 6.7.0
+ firebase_auth_platform_interface 9.1.0
+ firebase_auth_web 6.3.0
+ firebase_core 4.15.0
+ firebase_core_platform_interface 8.1.1
+ firebase_core_web 3.12.0
+ firebase_crashlytics 5.4.0
+ firebase_crashlytics_platform_interface 3.9.0
+ firebase_remote_config 6.7.0
+ firebase_remote_config_platform_interface 3.0.7
+ firebase_remote_config_web 1.10.14
+ fixnum 1.1.1
+ flex_color_scheme 8.4.0 (9.0.0 available)
+ flex_seed_scheme 4.0.1 (5.0.1 available)
+ flip_card 0.7.0
+ flutter 0.0.0 from sdk flutter
+ flutter_app_group_directory 1.1.0
+ flutter_audio_capture 1.1.12
+ flutter_cache_manager 3.4.5
+ flutter_colorpicker 1.1.0
+ flutter_form_builder 10.3.0+2 (11.0.0 available)
+ flutter_highlight 0.7.0
+ flutter_hooks 0.21.3+1
+ flutter_keyboard_visibility 6.0.0 (7.0.1 available)
+ flutter_keyboard_visibility_linux 1.0.0 (2.0.0 available)
+ flutter_keyboard_visibility_macos 1.0.0 (2.0.0 available)
+ flutter_keyboard_visibility_platform_interface 2.0.0 (3.0.0 available)
+ flutter_keyboard_visibility_web 2.0.0 (3.0.0 available)
+ flutter_keyboard_visibility_windows 1.0.0 (2.0.0 available)
+ flutter_launcher_icons 0.14.4
+ flutter_lints 6.0.0
+ flutter_localizations 0.0.0 from sdk flutter
+ flutter_markdown_plus 1.0.12
+ flutter_native_splash 2.4.8
+ flutter_plugin_android_lifecycle 2.0.35
+ flutter_rating_bar 4.0.1
+ flutter_riverpod 3.3.2 (3.4.3 available)
+ flutter_secure_storage 10.3.4 (11.2.0 available)
+ flutter_secure_storage_darwin 0.3.2 (0.4.3 available)
+ flutter_secure_storage_linux 3.0.3
+ flutter_secure_storage_platform_interface 2.1.1
+ flutter_secure_storage_web 2.1.1
+ flutter_secure_storage_windows 4.1.0 (4.2.2 available)
+ flutter_speed_dial 7.0.0
+ flutter_spinkit 5.2.2
+ flutter_staggered_grid_view 0.7.0
+ flutter_svg 2.3.0
+ flutter_svg_provider 1.0.7
+ flutter_test 0.0.0 from sdk flutter
+ flutter_typeahead 5.2.0 (6.0.0 available)
+ flutter_vector_icons 2.0.0
+ flutter_web_auth_2 5.1.0
+ flutter_web_auth_2_platform_interface 5.0.0
+ flutter_web_plugins 0.0.0 from sdk flutter
+ form_builder_extra_fields 12.2.0 (13.0.0 available)
+ form_builder_validators 11.3.0
+ freezed 3.2.6-dev.1 (4.0.2 available)
+ freezed_annotation 3.1.0
+ frontend_server_client 4.1.0
+ gap 3.0.1
+ geekyants_flutter_gauges 1.0.4
+ get 4.7.3
+ get_storage 2.1.1
+ glob 2.2.0
+ go_router 17.5.0 (18.0.2 available)
+ go_transitions 0.8.4
+ google_fonts 8.2.1 (9.0.0 available)
+ google_mobile_ads 9.1.0
+ graphs 2.3.2
+ group_button 5.3.4
+ hashlib 2.4.2
+ hashlib_codecs 3.5.0 (discontinued replaced by convertlib)
+ highlight 0.7.0
+ hive_ce 2.20.2
+ hive_ce_flutter 2.4.0
+ hooks 2.0.2 (2.2.0 available)
+ hooks_riverpod 3.3.2 (3.4.3 available)
+ html 0.15.7
+ http 1.6.0
+ http_multi_server 3.2.2
+ http_parser 4.1.2
+ iabtcf_consent_info 3.4.0+1
+ iabtcf_consent_info_platform_interface 1.0.5
+ iabtcf_consent_info_web 3.0.0
+ image 4.10.1
+ intl 0.20.2 (0.20.3 available)
+ io 1.1.0
+ isolate_channel 0.6.1
+ jni 1.1.0
+ jni_flutter 1.0.4+1
+ jni_util 1.0.0
+ js 0.6.7 (0.7.2 available)
+ json_annotation 4.12.0
+ json_serializable 6.14.1
+ keep_screen_on 6.0.0 (7.0.0 available)
+ keep_screen_on_platform_interface 3.0.0
+ leak_tracker 11.0.2
+ leak_tracker_flutter_testing 3.0.10
+ leak_tracker_testing 3.0.2
+ linked_scroll_controller 0.2.0
+ lints 6.1.0
+ live_activities 2.5.1 (2.6.0 available)
+ loader_overlay 5.0.0
+ logging 1.3.0
+ lottie 3.6.1
+ markdown 7.3.1
+ matcher 0.12.19 (0.12.20 available)
+ material_color_utilities 0.13.0 (0.13.1 available)
+ material_ui 1.2.0 (1.6.0 available)
+ meta 1.18.0 (1.19.0 available)
+ mime 2.1.0
+ mobile_scanner 7.4.2
+ mobileraker_pro 1.0.0 from path pro
+ mockito 5.6.4 (5.8.1 available)
+ navigator_resizable 3.1.0
+ network_info_plus 7.0.0 (8.2.2 available)
+ network_info_plus_platform_interface 2.0.2 (3.1.0 available)
+ nm 0.5.0 (0.6.0 available)
+ node_preamble 2.0.2
+ objective_c 9.5.0 (9.6.2 available)
+ octo_image 2.1.2
+ overflow_view 0.5.0
+ package_config 2.2.0 (3.0.0 available)
+ package_info_plus 9.0.1 (10.2.2 available)
+ package_info_plus_platform_interface 3.2.1 (4.1.0 available)
+ path 1.9.1
+ path_parsing 1.1.0
+ path_provider 2.1.6
+ path_provider_android 2.3.1
+ path_provider_foundation 2.6.0
+ path_provider_linux 2.2.2
+ path_provider_platform_interface 2.1.3
+ path_provider_windows 2.3.0
+ pem 2.0.6
+ percent_indicator 4.2.5
+ permission_handler 12.0.3 (13.0.2 available)
+ permission_handler_android 13.0.1 (14.1.0 available)
+ permission_handler_apple 9.6.2
+ permission_handler_html 0.1.4+1
+ permission_handler_platform_interface 4.4.1
+ permission_handler_windows 0.2.2
+ persistent_header_adaptive 2.1.3
+ petitparser 7.0.2 (7.1.0 available)
+ platform 3.2.0
+ plugin_platform_interface 2.1.8
+ pointer_interceptor 0.10.1+3
+ pointer_interceptor_ios 0.10.1+1
+ pointer_interceptor_platform_interface 0.10.0+1
+ pointer_interceptor_web 0.10.3
+ pool 1.5.3
+ posix 6.5.2
+ pretty_qr_code 3.6.0
+ progress_indicators 1.0.0
+ pub_semver 2.2.1
+ pubspec_parse 1.6.0
+ pull_to_refresh_flutter3 2.0.2
+ purchases_flutter 9.16.1 (10.14.0 available)
+ qr 3.0.2 (4.0.0 available)
+ rate_my_app 2.4.2
+ record_use 0.6.0 (1.1.1 available)
+ reorderables 0.6.0
+ responsive_framework 1.5.1
+ riverpod 3.3.2 (3.4.3 available)
+ riverpod_analyzer_utils 1.0.0-dev.10 (1.0.0-dev.12 available)
+ riverpod_annotation 4.0.3 (4.0.7 available)
+ riverpod_generator 4.0.4 (4.0.9 available)
+ rxdart 0.28.0
+ share_plus 12.0.2 (13.3.1 available)
+ share_plus_platform_interface 6.1.0 (7.2.0 available)
+ shared_preferences 2.5.6
+ shared_preferences_android 2.4.28
+ shared_preferences_foundation 2.5.7
+ shared_preferences_linux 2.4.1
+ shared_preferences_platform_interface 2.4.2
+ shared_preferences_web 2.4.3
+ shared_preferences_windows 2.4.1
+ shelf 1.4.2
+ shelf_packages_handler 3.0.2
+ shelf_static 1.1.3
+ shelf_web_socket 3.0.0
+ shimmer 3.0.0 (4.0.0 available)
+ signature 6.4.0
+ sky_engine 0.0.0 from sdk flutter
+ smooth_sheets 1.3.0
+ snap_scroll_physics 0.0.1+3
+ source_gen 4.2.4 (4.3.0 available)
+ source_helper 1.3.13
+ source_map_stack_trace 2.1.2
+ source_maps 0.10.14
+ source_span 1.10.2
+ sqflite 2.4.4+1
+ sqflite_android 2.4.4
+ sqflite_common 2.5.13+1
+ sqflite_darwin 2.4.4
+ sqflite_platform_interface 2.4.2
+ stack_trace 1.12.1 (1.12.2 available)
+ state_notifier 1.0.0
+ stream_channel 2.1.4
+ stream_transform 2.1.2
+ string_scanner 1.4.1
+ stringr 1.2.2
+ syncfusion_flutter_charts 33.2.15 (35.1.39 available)
+ syncfusion_flutter_core 33.2.15 (35.1.39 available)
+ synchronized 3.4.2
+ talker 5.1.20
+ talker_flutter 5.1.16 (5.1.20 available)
+ talker_logger 5.1.20
+ talker_riverpod_logger 5.1.20
+ term_glyph 1.2.2
+ test 1.31.0 (1.32.0 available)
+ test_api 0.7.11 (0.7.14 available)
+ test_core 0.6.17 (0.6.20 available)
+ touchable 1.0.1 from git https://github.com/Clon1998/touchable.git at 26cfcb
+ typed_data 1.4.0
+ universal_io 2.3.1
+ url_launcher 6.3.3
+ url_launcher_android 6.3.33
+ url_launcher_ios 6.4.2
+ url_launcher_linux 3.2.3
+ url_launcher_macos 3.2.6
+ url_launcher_platform_interface 2.3.2
+ url_launcher_web 2.4.3
+ url_launcher_windows 3.1.6
+ uuid 4.6.0
+ value_layout_builder 0.5.0
+ vector_graphics 1.2.3
+ vector_graphics_codec 1.1.13
+ vector_graphics_compiler 1.3.0
+ vector_math 2.2.0 (2.4.3 available)
+ video_player_android 2.12.2
+ video_player_avfoundation 2.12.0
+ video_player_platform_interface 6.9.0
+ video_player_web 2.4.0
+ vm_service 15.3.0
+ watcher 1.2.1
+ web 1.1.1
+ web_socket 1.0.1
+ web_socket_channel 3.0.3
+ webkit_inspection_protocol 1.2.1
+ webview_flutter 4.14.1
+ webview_flutter_android 4.14.1
+ webview_flutter_platform_interface 2.15.1
+ webview_flutter_wkwebview 3.26.2 (3.27.0 available)
+ win32 5.15.0 (6.4.0 available)
+ window_to_front 0.0.4 (1.0.0 available)
+ xdg_directories 1.1.0
+ xml 6.6.1 (7.1.0 available)
+ yaml 3.1.4
Changed 327 dependencies!
1 package is discontinued.
85 packages have newer versions incompatible with dependency constraints.
Try `flutter pub outdated` for more information.
  1s compiling builders/aot
  2s compiling builders/aot
  3s compiling builders/aot
  4s compiling builders/aot
  5s compiling builders/aot
  6s compiling builders/aot
  7s compiling builders/aot
  8s compiling builders/aot
  9s compiling builders/aot
  10s compiling builders/aot
  11s compiling builders/aot
  12s compiling builders/aot
  13s compiling builders/aot
  14s compiling builders/aot
  15s compiling builders/aot
  17s compiling builders/aot
  18s compiling builders/aot
  19s compiling builders/aot
  20s compiling builders/aot
  21s compiling builders/aot
  22s compiling builders/aot
  23s compiling builders/aot
  24s compiling builders/aot
  25s compiling builders/aot
  26s compiling builders/aot
  27s compiling builders/aot
  28s compiling builders/aot
  29s compiling builders/aot
  30s compiling builders/aot
  31s compiling builders/aot
W These options have been removed and were ignored: --delete-conflicting-outputs
  0s riverpod_generator on 235 inputs; lib/app_setup.dart
  23s riverpod_generator on 235 inputs: 1 output; spent 18s analyzing, 4s resolving, 1s sdk; lib/main.dart
  24s riverpod_generator on 235 inputs: 75 output, 160 no-op; spent 18s analyzing, 4s resolving, 1s sdk
  0s freezed on 235 inputs; lib/app_setup.dart
  0s freezed on 235 inputs: 7 output, 44 no-op; lib/ui/components/dialog/http_headers/http_header_dialog.dart
  1s freezed on 235 inputs: 45 output, 164 no-op; lib/ui/screens/spoolman/spool_form_page.dart
  1s freezed on 235 inputs: 49 output, 186 no-op
  0s json_serializable on 470 inputs; lib/app_setup.dart
  1s json_serializable on 470 inputs: 98 skipped, 153 no-op; lib/ui/screens/dashboard/components/webcam_card.freezed.dart
  1s json_serializable on 470 inputs: 186 skipped, 284 no-op
  0s source_gen:combining_builder on 470 inputs; lib/app_setup.dart
  0s source_gen:combining_builder on 470 inputs: 186 skipped, 75 output, 209 no-op
  0s mockito:mockBuilder on 24 inputs; test/test_utils.dart
  0s mockito:mockBuilder on 24 inputs: 18 skipped, 6 no-op
  Built with build_runner/aot in 59s; wrote 199 outputs.
