Running Gradle task 'assembleRelease'...                        
Warning: Flutter support for your project's Gradle version (8.13.0) will soon be dropped. Please upgrade your Gradle version to a version of at least 8.14.0 soon.
Alternatively, use the flag "--android-skip-build-dependency-validation" to bypass this check.

Potential fix: Your project's gradle version is typically defined in the gradle wrapper file. By default, this can be found at /home/runner/work/mobileraker/mobileraker/android/gradle/wrapper/gradle-wrapper.properties. 
For more information, see https://docs.gradle.org/current/userguide/gradle_wrapper.html.

Warning: Flutter support for your project's Kotlin version (2.2.10) will soon be dropped. Please upgrade your Kotlin version to a version of at least 2.2.20 soon.
Alternatively, use the flag "--android-skip-build-dependency-validation" to bypass this check.

Potential fix: Your project's KGP version is typically defined in the plugins block of the `settings.gradle` file (/home/runner/work/mobileraker/mobileraker/android/settings.gradle), by a plugin with the id of org.jetbrains.kotlin.android. 
If you don't see a plugins block, your project was likely created with an older template version, in which case it is most likely defined in the top-level build.gradle file (/home/runner/work/mobileraker/mobileraker/android/build.gradle) by the ext.kotlin_version property.

Checking the license for package NDK (Side by side) 28.2.13676358 in /usr/local/lib/android/sdk/licenses
License for package NDK (Side by side) 28.2.13676358 accepted.
Preparing "Install NDK (Side by side) 28.2.13676358 v.28.2.13676358".
"Install NDK (Side by side) 28.2.13676358 v.28.2.13676358" ready.
Installing NDK (Side by side) 28.2.13676358 in /usr/local/lib/android/sdk/ndk/28.2.13676358
"Install NDK (Side by side) 28.2.13676358 v.28.2.13676358" complete.
"Install NDK (Side by side) 28.2.13676358 v.28.2.13676358" finished.
WARNING: Your Android app project: app located at: /home/runner/work/mobileraker/mobileraker/android/app/build.gradle
applies the Kotlin Gradle Plugin, which will cause build failures in future versions of Flutter. 
Please migrate your app to Built-in Kotlin using this guide: https://docs.flutter.dev/release/breaking-changes/migrate-to-built-in-kotlin/for-app-developers

WARNING: Your app uses the following plugins that apply Kotlin Gradle Plugin (KGP): file_picker, firebase_analytics, firebase_app_check, firebase_auth, firebase_core, firebase_crashlytics, firebase_remote_config, flutter_audio_capture, flutter_web_auth_2, iabtcf_consent_info, keep_screen_on, network_info_plus, package_info_plus, purchases_flutter, share_plus
Future versions of Flutter will fail to build if your app uses plugins that apply KGP.

Please check the changelogs of these plugins and upgrade to a version that supports Built-in Kotlin.
If no such version exists, report the issue to the plugin. If necessary, here is a guide on filing 
an issue against a plugin: https://docs.flutter.dev/release/breaking-changes/migrate-to-built-in-kotlin/for-app-developers#report-incompatible-kotlin-gradle-plugin-usage-to-plugin-authors

If you are a plugin author, please migrate your plugin to Built-in Kotlin using this guide: https://docs.flutter.dev/release/breaking-changes/migrate-to-built-in-kotlin/for-plugin-authors
Checking the license for package Android SDK Platform 31 in /usr/local/lib/android/sdk/licenses
License for package Android SDK Platform 31 accepted.
Preparing "Install Android SDK Platform 31 (revision 1)".
"Install Android SDK Platform 31 (revision 1)" ready.
Installing Android SDK Platform 31 in /usr/local/lib/android/sdk/platforms/android-31
"Install Android SDK Platform 31 (revision 1)" complete.
"Install Android SDK Platform 31 (revision 1)" finished.
[=========                              ] 25%                                   
Checking the license for package CMake 3.22.1 in /usr/local/lib/android/sdk/licenses
License for package CMake 3.22.1 accepted.
Preparing "Install CMake 3.22.1 v.3.22.1".
"Install CMake 3.22.1 v.3.22.1" ready.
Installing CMake 3.22.1 in /usr/local/lib/android/sdk/cmake/3.22.1
"Install CMake 3.22.1 v.3.22.1" complete.
"Install CMake 3.22.1 v.3.22.1" finished.
Font asset "Entypo.ttf" was tree-shaken, reducing it from 66200 to 1168 bytes (98.2% reduction). Tree-shaking can be disabled by providing the --no-tree-shake-icons flag when building your app.
Font asset "FontAwesome5_Regular.ttf" was tree-shaken, reducing it from 33736 to 1316 bytes (96.1% reduction). Tree-shaking can be disabled by providing the --no-tree-shake-icons flag when building your app.
Font asset "Feather.ttf" was tree-shaken, reducing it from 56228 to 1408 bytes (97.5% reduction). Tree-shaking can be disabled by providing the --no-tree-shake-icons flag when building your app.
Font asset "FontAwesome.ttf" was tree-shaken, reducing it from 165548 to 2004 bytes (98.8% reduction). Tree-shaking can be disabled by providing the --no-tree-shake-icons flag when building your app.
Font asset "AntDesign.ttf" was tree-shaken, reducing it from 70344 to 2312 bytes (96.7% reduction). Tree-shaking can be disabled by providing the --no-tree-shake-icons flag when building your app.
Font asset "FontAwesome5_Brands.ttf" was tree-shaken, reducing it from 134040 to 2652 bytes (98.0% reduction). Tree-shaking can be disabled by providing the --no-tree-shake-icons flag when building your app.
Font asset "MaterialCommunityIcons.ttf" was tree-shaken, reducing it from 1147844 to 6332 bytes (99.4% reduction). Tree-shaking can be disabled by providing the --no-tree-shake-icons flag when building your app.
Font asset "Octicons.ttf" was tree-shaken, reducing it from 49404 to 840 bytes (98.3% reduction). Tree-shaking can be disabled by providing the --no-tree-shake-icons flag when building your app.
Font asset "FontAwesome5_Solid.ttf" was tree-shaken, reducing it from 202744 to 1604 bytes (99.2% reduction). Tree-shaking can be disabled by providing the --no-tree-shake-icons flag when building your app.
Font asset "Mobileraker.ttf" was tree-shaken, reducing it from 2944 to 1328 bytes (54.9% reduction). Tree-shaking can be disabled by providing the --no-tree-shake-icons flag when building your app.
Font asset "SimpleLineIcons.ttf" was tree-shaken, reducing it from 54056 to 1032 bytes (98.1% reduction). Tree-shaking can be disabled by providing the --no-tree-shake-icons flag when building your app.
Font asset "MaterialIcons-Regular.otf" was tree-shaken, reducing it from 1645184 to 29412 bytes (98.2% reduction). Tree-shaking can be disabled by providing the --no-tree-shake-icons flag when building your app.
Font asset "CupertinoIcons.ttf" was tree-shaken, reducing it from 257628 to 2292 bytes (99.1% reduction). Tree-shaking can be disabled by providing the --no-tree-shake-icons flag when building your app.
WARNING: [Processor] Library '/home/runner/.gradle/caches/modules-2/files-2.1/me.carda/AndroidAwnCore/0.12.1/9dfb22997d641c5cefa385acafd4b6d2bef83177/AndroidAwnCore-0.12.1.aar' contains references to both AndroidX and old support library. This seems like the library is partially migrated. Jetifier will try to rewrite the library anyway.
 Example of androidX reference: 'androidx/annotation/NonNull'
 Example of support library reference: 'android/support/v4/media/session/MediaSessionCompat'
Note: /home/runner/.pub-cache/hosted/pub.dev/cloud_firestore-6.10.0/android/src/main/java/io/flutter/plugins/firebase/firestore/utils/PipelineStageHandlers.java uses unchecked or unsafe operations.
Note: Recompile with -Xlint:unchecked for details.
Note: Some input files use or override a deprecated API.
Note: Recompile with -Xlint:deprecation for details.
Caught exception: Already watching path: /home/runner/work/mobileraker/mobileraker/android
/home/runner/work/mobileraker/mobileraker/android/app/src/main/AndroidManifest.xml:76:72-93 Error:
	Attribute meta-data#firebase_messaging_auto_init_enabled@value value=(false) from AndroidManifest.xml:76:72-93
	is also present at [:awesome_notifications_fcm] AndroidManifest.xml:14:13-33 value=(true).
	Suggestion: add 'tools:replace="android:value"' to <meta-data> element at AndroidManifest.xml:76:9-96 to override.

FAILURE: Build failed with an exception.

* What went wrong:
Execution failed for task ':app:processReleaseMainManifest'.
> Manifest merger failed : Attribute meta-data#firebase_messaging_auto_init_enabled@value value=(false) from AndroidManifest.xml:76:72-93
  	is also present at [:awesome_notifications_fcm] AndroidManifest.xml:14:13-33 value=(true).
  	Suggestion: add 'tools:replace="android:value"' to <meta-data> element at AndroidManifest.xml:76:9-96 to override.

* Try:
> Run with --stacktrace option to get the stack trace.
> Run with --info or --debug option to get more log output.
> Run with --scan to get full insights.
> Get more help at https://help.gradle.org.

BUILD FAILED in 6m 42s
Running Gradle task 'assembleRelease'...                          403.4s
Gradle task assembleRelease failed with exit code 1
